[www.tlcglobal.asia/index.html]
[backblue.gif]
[fade.gif]
[index.html]
[www.tlcglobal.asia/wp-content/plugins/gs-logo-slider/gsl-files/css/jquery.bxslideref6d.css]
[www.tlcglobal.asia/wp-content/plugins/gs-logo-slider/gsl-files/css/gs-mainef6d.css]
[www.tlcglobal.asia/wp-includes/css/dist/block-library/style.min680c.css]
[www.tlcglobal.asia/feed/index.html]
[www.tlcglobal.asia/comments/feed/index.html]
[www.tlcglobal.asia/wp-content/plugins/contact-form-7/includes/css/styles3c21.css]
[www.tlcglobal.asia/wp-content/plugins/goodlayers-core/plugins/combine/style680c.css]
[www.tlcglobal.asia/wp-content/plugins/goodlayers-core/include/css/page-builder680c.css]
[www.tlcglobal.asia/wp-content/plugins/menu-image/menu-image4963.css]
[www.tlcglobal.asia/wp-content/plugins/revslider/public/assets/css/settings23da.css]
[www.tlcglobal.asia/wp-content/themes/financity/css/style-core680c.css]
[www.tlcglobal.asia/wp-content/themes/financity-child/style680c.css]
[www.tlcglobal.asia/wp-content/uploads/financity-style-customa06e.css]
[www.tlcglobal.asia/wp-includes/js/jquery/jqueryb8ff.js]
[www.tlcglobal.asia/wp-includes/js/jquery/jquery-migrate.min330a.js]
[www.tlcglobal.asia/wp-content/plugins/revslider/public/assets/js/jquery.themepunch.tools.min23da.js]
[www.tlcglobal.asia/wp-content/plugins/revslider/public/assets/js/jquery.themepunch.revolution.min23da.js]
[www.tlcglobal.asia/xmlrpc0db0.php]
[www.tlcglobal.asia/wp-json/index.html]
[www.tlcglobal.asia/wp-includes/wlwmanifest.xml]
[www.tlcglobal.asia/wp-json/oembed/1.0/embed65c6.json]
[www.tlcglobal.asia/wp-json/oembed/1.0/embedc814]
[www.tlcglobal.asia/wp-content/uploads/2019/10/TLC-Logo-Full-Colour.png]
[www.tlcglobal.asia/wp-content/uploads/2019/03/cnflag.png]
[www.tlcglobal.asia/wp-content/uploads/2019/03/enflag.png]
[www.tlcglobal.asia/wp-content/plugins/revslider/admin/assets/images/transparent.png]
[www.tlcglobal.asia/wp-content/uploads/2019/02/TLC_Web-Banner-01.jpg]
[www.tlcglobal.asia/aboutus/index.html]
[www.tlcglobal.asia/wp-content/uploads/2019/04/TLC_Web-Banner-05.jpg]
[www.tlcglobal.asia/wp-content/uploads/2019/02/TLC_Web-Banner-03.jpg]
[www.tlcglobal.asia/wp-content/uploads/2019/02/TLC_Web-Banner-04.jpg]
[www.tlcglobal.asia/profitplan/index.html]
[www.tlcglobal.asia/wp-content/uploads/2019/03/ceo_700trans.png]
[www.tlcglobal.asia/partnership/index.html]
[www.tlcglobal.asia/wp-content/uploads/2017/09/shutterstock_15900814.jpg]
[www.tlcglobal.asia/forextrade/index.html]
[www.tlcglobal.asia/wp-content/uploads/2017/09/shutterstock_361397258.jpg]
[www.tlcglobal.asia/newsandevents/index.html]
[www.tlcglobal.asia/wp-content/uploads/2019/03/1-1.png]
[www.tlcglobal.asia/wp-content/uploads/2017/09/hp3-service-2.jpg]
[www.tlcglobal.asia/contactus/index.html]
[www.tlcglobal.asia/wp-content/uploads/2019/03/2.png]
[www.tlcglobal.asia/wp-content/uploads/2017/08/shutterstock_251068444.jpg]
[www.tlcglobal.asia/wp-content/uploads/2017/09/shutterstock_365392142.jpg]
[www.tlcglobal.asia/wp-content/uploads/2019/03/3-1.png]
[www.tlcglobal.asia/wp-content/uploads/2019/03/shutterstock_306860177-1.jpg]
[www.tlcglobal.asia/cn/index.html]
[www.tlcglobal.asia/wp-content/uploads/2019/03/shutterstock_341257523.jpg]
[s3.tradingview.com/external-embedding/embed-widget-forex-cross-rates.js]
[www.tlcglobal.asia/wp-content/uploads/2017/09/hp3-cra-bg.jpg]
[www.tlcglobal.asia/wp-content/plugins/contact-form-7/includes/js/scripts3c21.js]
[www.tlcglobal.asia/wp-content/plugins/goodlayers-core/plugins/combine/script680c.js]
[www.tlcglobal.asia/wp-content/plugins/goodlayers-core/include/js/page-builderd36b.js]
[www.tlcglobal.asia/wp-content/plugins/gs-logo-slider/gsl-files/js/jquery.bxslider.minef6d.js]
[www.tlcglobal.asia/disclaimer/index.html]
[www.tlcglobal.asia/wp-content/plugins/gs-logo-slider/gsl-files/js/jquery.easing.1.3ef6d.js]
[www.tlcglobal.asia/wp-content/plugins/gs-logo-slider/gsl-files/js/gs-logo-customef6d.js]
[www.tlcglobal.asia/wp-includes/js/jquery/ui/effect.mine899.js]
[www.tlcglobal.asia/wp-content/themes/financity/js/script-core8a54.js]
[www.tlcglobal.asia/wp-content/plugins/wp-google-map-plugin/assets/js/maps531b.js]
[www.tlcglobal.asia/index.html]
[www.tlcglobal.asia/xmlrpc.php]
[www.tlcglobal.asia/wp-includes/js/wp-embed.min680c.js]
[www.tlcglobal.asia/wp-content/plugins/gs-logo-slider/gsl-files/css/images/bx_loader.gif]
[www.tlcglobal.asia/wp-content/plugins/gs-logo-slider/gsl-files/css/images/controls.png]
[www.tlcglobal.asia/wp-content/plugins/gs-logo-slider/gsl-files/css/jquery.bxslideref6d.css]
[www.tlcglobal.asia/wp-content/plugins/gs-logo-slider/gsl-files/css/gs-mainef6d.css]
[www.tlcglobal.asia/wp-includes/css/dist/block-library/style.min680c.css]
[www.tlcglobal.asia/wp-content/plugins/contact-form-7/images/ajax-loader.gif]
[www.tlcglobal.asia/wp-content/plugins/contact-form-7/includes/css/styles3c21.css]
[www.tlcglobal.asia/wp-content/plugins/goodlayers-core/plugins/combine/fontawesome/fontawesome-webfont3e6e.eot]
[www.tlcglobal.asia/wp-content/plugins/goodlayers-core/plugins/combine/fontawesome/fontawesome-webfont3e6e.woff2]
[www.tlcglobal.asia/wp-content/plugins/goodlayers-core/plugins/combine/fontawesome/fontawesome-webfontd41d.eot]
[www.tlcglobal.asia/wp-content/plugins/goodlayers-core/plugins/combine/fontawesome/fontawesome-webfont3e6e.woff]
[www.tlcglobal.asia/wp-content/plugins/goodlayers-core/plugins/combine/fontawesome/fontawesome-webfont3e6e.ttf]
[www.tlcglobal.asia/wp-content/plugins/goodlayers-core/plugins/combine/fontawesome/fontawesome-webfont3e6e.svg]
[www.tlcglobal.asia/wp-content/plugins/goodlayers-core/plugins/combine/elegant/ElegantIcons.eot]
[www.tlcglobal.asia/wp-content/plugins/goodlayers-core/plugins/combine/elegant/ElegantIconsd41d.eot]
[www.tlcglobal.asia/wp-content/plugins/goodlayers-core/plugins/combine/elegant/ElegantIcons.woff]
[www.tlcglobal.asia/wp-content/plugins/goodlayers-core/plugins/combine/elegant/ElegantIcons.ttf]
[www.tlcglobal.asia/wp-content/plugins/goodlayers-core/plugins/combine/elegant/ElegantIcons.svg]
[www.tlcglobal.asia/wp-content/plugins/goodlayers-core/plugins/combine/skin-ilightbox/closedhand.cur]
[www.tlcglobal.asia/wp-content/plugins/goodlayers-core/plugins/combine/skin-ilightbox/social_icons/facebook_16.png]
[www.tlcglobal.asia/wp-content/plugins/goodlayers-core/plugins/combine/skin-ilightbox/social_icons/digg_16.png]
[www.tlcglobal.asia/wp-content/plugins/goodlayers-core/plugins/combine/skin-ilightbox/social_icons/twitter_16.png]
[www.tlcglobal.asia/wp-content/plugins/goodlayers-core/plugins/combine/skin-ilightbox/social_icons/delicious_16.png]
[www.tlcglobal.asia/wp-content/plugins/goodlayers-core/plugins/combine/skin-ilightbox/social_icons/reddit_16.png]
[www.tlcglobal.asia/wp-content/plugins/goodlayers-core/plugins/combine/skin-ilightbox/social_icons/google_plus_16.png]
[www.tlcglobal.asia/wp-content/plugins/goodlayers-core/plugins/combine/skin-ilightbox/dark-skin/preloader.gif]
[www.tlcglobal.asia/wp-content/plugins/goodlayers-core/plugins/combine/skin-ilightbox/dark-skin/caption-bg.png]
[www.tlcglobal.asia/wp-content/plugins/goodlayers-core/plugins/combine/skin-ilightbox/dark-skin/alert.png]
[www.tlcglobal.asia/wp-content/plugins/goodlayers-core/plugins/combine/skin-ilightbox/dark-skin/buttons.png]
[www.tlcglobal.asia/wp-content/plugins/goodlayers-core/plugins/combine/skin-ilightbox/dark-skin/fullscreen-icon-64.png]
[www.tlcglobal.asia/wp-content/plugins/goodlayers-core/plugins/combine/skin-ilightbox/dark-skin/fullscreen-icon-ie.png]
[www.tlcglobal.asia/wp-content/plugins/goodlayers-core/plugins/combine/skin-ilightbox/dark-skin/x-mark-icon-64.png]
[www.tlcglobal.asia/wp-content/plugins/goodlayers-core/plugins/combine/skin-ilightbox/dark-skin/x-mark-icon-ie.png]
[www.tlcglobal.asia/wp-content/plugins/goodlayers-core/plugins/combine/skin-ilightbox/dark-skin/arrow-next-icon-64.png]
[www.tlcglobal.asia/wp-content/plugins/goodlayers-core/plugins/combine/skin-ilightbox/dark-skin/arrow-next-icon-ie.png]
[www.tlcglobal.asia/wp-content/plugins/goodlayers-core/plugins/combine/skin-ilightbox/dark-skin/arrow-prev-icon-64.png]
[www.tlcglobal.asia/wp-content/plugins/goodlayers-core/plugins/combine/skin-ilightbox/dark-skin/arrow-prev-icon-ie.png]
[www.tlcglobal.asia/wp-content/plugins/goodlayers-core/plugins/combine/skin-ilightbox/dark-skin/play-icon-64.png]
[www.tlcglobal.asia/wp-content/plugins/goodlayers-core/plugins/combine/skin-ilightbox/dark-skin/play-icon-ie.png]
[www.tlcglobal.asia/wp-content/plugins/goodlayers-core/plugins/combine/skin-ilightbox/dark-skin/pause-icon-64.png]
[www.tlcglobal.asia/wp-content/plugins/goodlayers-core/plugins/combine/skin-ilightbox/dark-skin/pause-icon-ie.png]
[www.tlcglobal.asia/wp-content/plugins/goodlayers-core/plugins/combine/skin-ilightbox/dark-skin/thumb-overlay-play.png]
[www.tlcglobal.asia/wp-content/plugins/goodlayers-core/plugins/combine/skin-ilightbox/dark-skin/arrow-next-vertical-icon-64.png]
[www.tlcglobal.asia/wp-content/plugins/goodlayers-core/plugins/combine/skin-ilightbox/dark-skin/arrow-prev-vertical-icon-64.png]
[www.tlcglobal.asia/wp-content/plugins/goodlayers-core/plugins/combine/arrow-prev-icon-64.png]
[www.tlcglobal.asia/wp-content/plugins/goodlayers-core/plugins/combine/style680c.css]
[www.tlcglobal.asia/wp-content/plugins/goodlayers-core/include/images/blog-style/blog-item-gradient.png]
[www.tlcglobal.asia/wp-content/plugins/goodlayers-core/include/images/blog-style/blog-item-gradient2.png]
[www.tlcglobal.asia/wp-content/plugins/goodlayers-core/include/images/post-slider/gradient.png]
[www.tlcglobal.asia/wp-content/plugins/goodlayers-core/include/images/gallery/gallery-shadow.png]
[www.tlcglobal.asia/wp-content/plugins/goodlayers-core/include/images/portfolio/now-loading.gif]
[www.tlcglobal.asia/wp-content/plugins/goodlayers-core/include/images/content-blocked.jpg]
[www.tlcglobal.asia/wp-content/plugins/goodlayers-core/include/css/page-builder680c.css]
[www.tlcglobal.asia/wp-content/plugins/menu-image/menu-image4963.css]
[www.tlcglobal.asia/wp-content/plugins/revslider/public/assets/fonts/revicons/revicons90c6.eot]
[www.tlcglobal.asia/wp-content/plugins/revslider/public/assets/fonts/revicons/revicons90c6.woff]
[www.tlcglobal.asia/wp-content/plugins/revslider/public/assets/fonts/revicons/revicons90c6.ttf]
[www.tlcglobal.asia/wp-content/plugins/revslider/public/assets/fonts/revicons/revicons90c6.svg]
[www.tlcglobal.asia/wp-content/plugins/revslider/public/assets/css/openhand.cur]
[www.tlcglobal.asia/wp-content/plugins/revslider/public/assets/css/closedhand.cur]
[www.tlcglobal.asia/wp-content/plugins/revslider/public/assets/assets/gridtile.png]
[www.tlcglobal.asia/wp-content/plugins/revslider/public/assets/assets/gridtile_white.png]
[www.tlcglobal.asia/wp-content/plugins/revslider/public/assets/assets/gridtile_3x3.png]
[www.tlcglobal.asia/wp-content/plugins/revslider/public/assets/assets/gridtile_3x3_white.png]
[www.tlcglobal.asia/wp-content/plugins/revslider/public/assets/assets/coloredbg.png]
[www.tlcglobal.asia/wp-content/plugins/revslider/public/assets/assets/loader.gif]
[www.tlcglobal.asia/wp-content/plugins/revslider/public/assets/css/settings23da.css]
[www.tlcglobal.asia/wp-content/themes/financity/images/preload.gif]
[www.tlcglobal.asia/wp-content/themes/financity/images/page-title-background.jpg]
[www.tlcglobal.asia/wp-content/themes/financity/images/blog-title-top-gradient.png]
[www.tlcglobal.asia/wp-content/themes/financity/images/blog-title-gradient.png]
[www.tlcglobal.asia/wp-content/themes/financity/images/404-background.jpg]
[www.tlcglobal.asia/wp-content/themes/financity/css/style-core680c.css]
[www.tlcglobal.asia/wp-content/uploads/2019/02/top-panel-BG.png]
[www.tlcglobal.asia/wp-content/themes/financity-child/style680c.css]
[www.tlcglobal.asia/wp-content/plugins/goodlayers-core/include/images/pattern/pattern-1.png]
[www.tlcglobal.asia/wp-content/uploads/2017/09/page-title-background.jpg]
[www.tlcglobal.asia/wp-content/uploads/2017/09/single-blog-title.jpg]
[www.tlcglobal.asia/wp-content/uploads/financity-style-customa06e.css]
[www.tlcglobal.asia/wp-json/oembed/1.0/embed14b0.json]
[www.tlcglobal.asia/wp-json/oembed/1.0/embede1ea]
[www.tlcglobal.asia/wp-content/uploads/2019/04/TLC_Head-Poster-01b.jpg]
[www.tlcglobal.asia/wp-content/uploads/2019/03/shutterstock_524405221.jpg]
[www.tlcglobal.asia/wp-content/uploads/2019/04/goal_eng.png]
[www.tlcglobal.asia/wp-content/uploads/2019/04/mission_eng.png]
[www.tlcglobal.asia/wp-content/uploads/2017/09/shutterstock_174966551.jpg]
[www.tlcglobal.asia/wp-content/uploads/2017/09/hp2-service-1.jpg]
[www.tlcglobal.asia/wp-content/uploads/2019/03/1.png]
[www.tlcglobal.asia/wp-content/uploads/2019/03/2png.png]
[www.tlcglobal.asia/wp-content/uploads/2019/03/3.png]
[www.tlcglobal.asia/wp-content/uploads/2019/03/4.png]
[www.tlcglobal.asia/wp-content/uploads/2019/03/GMC_2249.jpg]
[www.tlcglobal.asia/wp-content/uploads/2019/03/GMC_2249-1024x683.jpg]
[www.tlcglobal.asia/wp-content/uploads/2019/03/GMC_2252.jpg]
[www.tlcglobal.asia/wp-content/uploads/2019/03/GMC_2252-1024x683.jpg]
[www.tlcglobal.asia/wp-content/uploads/2019/03/GMC_2276.jpg]
[www.tlcglobal.asia/wp-content/uploads/2019/03/GMC_2276-1024x683.jpg]
[www.tlcglobal.asia/wp-content/uploads/2019/03/GMC_2283.jpg]
[www.tlcglobal.asia/wp-content/uploads/2019/03/GMC_2283-1024x683.jpg]
[www.tlcglobal.asia/wp-content/uploads/2019/03/GMC_2256.jpg]
[www.tlcglobal.asia/wp-content/uploads/2019/03/GMC_2256-1024x683.jpg]
[www.tlcglobal.asia/wp-content/uploads/2019/03/RECEPTION-01.jpg]
[www.tlcglobal.asia/wp-content/uploads/2019/03/RECEPTION-01-1024x575.jpg]
[www.tlcglobal.asia/wp-content/uploads/2019/12/about1.png]
[www.tlcglobal.asia/wp-content/uploads/2019/12/about2.png]
[www.tlcglobal.asia/wp-content/uploads/2019/04/TLC_Head-Poster-01b-Mobile.jpg]
[www.tlcglobal.asia/aboutus/index.html]
[www.tlcglobal.asia/wp-json/oembed/1.0/embed4424.json]
[www.tlcglobal.asia/wp-json/oembed/1.0/embed7bf2]
[www.tlcglobal.asia/wp-content/uploads/2019/04/TLC_Head-Poster-03b.jpg]
[www.tlcglobal.asia/wp-content/uploads/2017/09/about-2-bg.jpg]
[www.tlcglobal.asia/wp-content/uploads/2019/12/Screenshot-2019-12-23-at-5.16.08-PM.png]
[www.tlcglobal.asia/wp-content/uploads/2019/04/TLC_Head-Poster-03b-Mobile.jpg]
[www.tlcglobal.asia/profitplan/index.html]
[www.tlcglobal.asia/wp-json/oembed/1.0/embed0fc9.json]
[www.tlcglobal.asia/wp-json/oembed/1.0/embed5b38]
[www.tlcglobal.asia/wp-content/uploads/2019/04/TLC_Head-Poster-04b-1.jpg]
[www.tlcglobal.asia/wp-content/uploads/2019/05/ibh.jpg]
[www.tlcglobal.asia/wp-content/uploads/2019/07/20190701164623998_0001-724x1024.jpg]
[www.tlcglobal.asia/wp-content/uploads/2019/07/20190701164809971_0001-724x1024.jpg]
[www.tlcglobal.asia/wp-content/uploads/2019/12/fintec.png]
[www.tlcglobal.asia/wp-content/uploads/2019/12/trophy.jpg]
[www.tlcglobal.asia/wp-content/uploads/2019/12/about3-reward.png]
[www.tlcglobal.asia/wp-content/uploads/2019/05/web-banner-strategy2.jpg]
[www.tlcglobal.asia/partnership/index.html]
[www.tlcglobal.asia/wp-json/oembed/1.0/embed7e9f.json]
[www.tlcglobal.asia/wp-json/oembed/1.0/embed6689]
[www.tlcglobal.asia/wp-content/uploads/2019/04/TLC_Head-Poster-02b.jpg]
[www.tlcglobal.asia/wp-content/uploads/2019/03/shutterstock_495349657.jpg]
[www.tlcglobal.asia/wp-content/uploads/2019/03/无需专业技巧.jpg]
[www.tlcglobal.asia/wp-content/uploads/2019/03/1-3.png]
[www.tlcglobal.asia/wp-content/uploads/2019/03/3-3.png]
[www.tlcglobal.asia/wp-content/uploads/2019/03/5-1.png]
[www.tlcglobal.asia/wp-content/uploads/2019/03/4-2.png]
[www.tlcglobal.asia/wp-content/uploads/2019/03/6-1.png]
[www.tlcglobal.asia/wp-content/uploads/2019/03/2-2.png]
[www.tlcglobal.asia/wp-content/uploads/revslider/homepage2/slider-1-1-1.jpg]
[www.tlcglobal.asia/abcd-form/index.html]
[www.tlcglobal.asia/whatispip/index.html]
[www.tlcglobal.asia/wp-content/uploads/2019/03/WhatsApp-Image-2019-03-09-at-18.43.39.jpg]
[www.tlcglobal.asia/loss-profit/index.html]
[www.tlcglobal.asia/5-reason-affected/index.html]
[www.tlcglobal.asia/wp-content/uploads/2019/04/TLC_Head-Poster-02b-Mobile.jpg]
[www.tlcglobal.asia/forextrade/index.html]
[www.tlcglobal.asia/margin-leverage/index.html]
[www.tlcglobal.asia/fluidity-volatility/index.html]
[www.tlcglobal.asia/trade-currency/index.html]
[www.tlcglobal.asia/trade-time/index.html]
[www.tlcglobal.asia/wp-json/oembed/1.0/embed4a6d.json]
[www.tlcglobal.asia/newsandevents/index.html]
[www.tlcglobal.asia/wp-json/oembed/1.0/embedb47e]
[www.tlcglobal.asia/wp-json/oembed/1.0/embed70eb.json]
[www.tlcglobal.asia/2020/06/26/uncertain-path-for-recovery-of-us-economy/index.html]
[www.tlcglobal.asia/2020/06/26/index.html]
[www.tlcglobal.asia/wp-json/oembed/1.0/embed16cb]
[www.tlcglobal.asia/author/ericoye/index.html]
[www.tlcglobal.asia/category/uncategorized/index.html]
[www.tlcglobal.asia/2020/06/18/6900/index.html]
[www.tlcglobal.asia/wp-content/uploads/2017/09/about-team-bg.jpg]
[www.tlcglobal.asia/2020/06/18/index.html]
[www.tlcglobal.asia/2020/06/13/index.html]
[www.tlcglobal.asia/cdn-cgi/l/email-protection.html]
[www.tlcglobal.asia/contactus/index.html]
[www.tlcglobal.asia/cdn-cgi/scripts/5c5dd728/cloudflare-static/email-decode.min.js]
[www.tlcglobal.asia/2020/06/03/index.html]
[www.tlcglobal.asia/2020/05/15/gwf-gw-profit-2-fund-generates-good-returns-in-safe-haven-markets/index.html]
[www.tlcglobal.asia/2020/06/03/tlc-x-limestone-fx-first-collaberation-achieved-remarkable-result/index.html]
[www.tlcglobal.asia/2020/06/13/ava-tlc-sign-ma-online-kickstarting-more-global-investments/index.html]
[www.tlcglobal.asia/2020/05/15/index.html]
[www.tlcglobal.asia/cn/wp-content/plugins/gs-logo-slider/gsl-files/css/jquery.bxslideref6d.css]
[www.tlcglobal.asia/newsandevents/page/2/index.html]
[www.tlcglobal.asia/newsandevents/page/3/index.html]
[www.tlcglobal.asia/cn/wp-content/plugins/gs-logo-slider/gsl-files/css/gs-mainef6d.css]
[www.tlcglobal.asia/newsandevents/page/5/index.html]
[www.tlcglobal.asia/cn/wp-includes/css/dist/block-library/style.min4439.css]
[www.tlcglobal.asia/cn/feed/index.html]
[www.tlcglobal.asia/cn/wp-content/plugins/contact-form-7/includes/css/styles3c21.css]
[www.tlcglobal.asia/cn/comments/feed/index.html]
[www.tlcglobal.asia/cn/wp-content/plugins/goodlayers-core/plugins/combine/style4439.css]
[www.tlcglobal.asia/cn/wp-content/plugins/goodlayers-core/include/css/page-builder4439.css]
[www.tlcglobal.asia/cn/wp-content/plugins/menu-image/menu-image4963.css]
[www.tlcglobal.asia/cn/wp-content/plugins/revslider/public/assets/css/settings23da.css]
[www.tlcglobal.asia/cn/wp-content/themes/financity/css/style-core4439.css]
[www.tlcglobal.asia/cn/wp-content/themes/financity-child/style4439.css]
[www.tlcglobal.asia/cn/wp-content/uploads/financity-style-custom191a.css]
[www.tlcglobal.asia/cn/wp-includes/js/jquery/jquery4a5f.js]
[www.tlcglobal.asia/cn/wp-includes/js/jquery/jquery-migrate.min330a.js]
[www.tlcglobal.asia/cn/wp-content/plugins/revslider/public/assets/js/jquery.themepunch.tools.min23da.js]
[www.tlcglobal.asia/cn/wp-content/plugins/revslider/public/assets/js/jquery.themepunch.revolution.min23da.js]
[www.tlcglobal.asia/cn/xmlrpc0db0.php]
[www.tlcglobal.asia/cn/wp-json/index.html]
[www.tlcglobal.asia/cn/wp-includes/wlwmanifest.xml]
[www.tlcglobal.asia/cn/wp-json/oembed/1.0/embed4225.json]
[www.tlcglobal.asia/cn/wp-json/oembed/1.0/embedc909]
[www.tlcglobal.asia/cn/wp-content/uploads/2019/10/TLC-Logo-Full-Colour.png]
[www.tlcglobal.asia/cn/wp-content/uploads/2019/04/enflag-36x26.png]
[www.tlcglobal.asia/cn/aboutus/index.html]
[www.tlcglobal.asia/cn/profitplan/index.html]
[www.tlcglobal.asia/cn/wp-content/plugins/revslider/admin/assets/images/transparent.png]
[www.tlcglobal.asia/cn/partnership/index.html]
[www.tlcglobal.asia/cn/wp-content/uploads/2019/02/TLC_Web-Banner-01.jpg]
[www.tlcglobal.asia/cn/forextrade/index.html]
[www.tlcglobal.asia/cn/newsandfeeds/index.html]
[www.tlcglobal.asia/cn/wp-content/uploads/2019/04/TLC_Web-Banner-05.jpg]
[www.tlcglobal.asia/cn/contactus/index.html]
[www.tlcglobal.asia/cn/wp-content/uploads/2019/02/TLC_Web-Banner-03.jpg]
[www.tlcglobal.asia/cn/wp-content/uploads/2019/02/TLC_Web-Banner-04.jpg]
[www.tlcglobal.asia/cn/wp-content/uploads/2019/03/ceo_700trans.png]
[www.tlcglobal.asia/cn/wp-content/uploads/2017/09/shutterstock_15900814.jpg]
[www.tlcglobal.asia/cn/wp-content/uploads/2017/09/shutterstock_361397258.jpg]
[www.tlcglobal.asia/cn/wp-content/uploads/2019/03/1-1.png]
[www.tlcglobal.asia/cn/wp-content/uploads/2017/09/hp3-service-2.jpg]
[www.tlcglobal.asia/cn/wp-content/uploads/2019/03/2.png]
[www.tlcglobal.asia/cn/wp-content/uploads/2017/08/shutterstock_251068444.jpg]
[www.tlcglobal.asia/cn/wp-content/uploads/2017/09/shutterstock_365392142.jpg]
[www.tlcglobal.asia/cn/wp-content/uploads/2019/03/3-1.png]
[www.tlcglobal.asia/cn/wp-content/uploads/2019/03/shutterstock_306860177-1.jpg]
[www.tlcglobal.asia/cn/wp-content/uploads/2019/03/shutterstock_341257523.jpg]
[www.tlcglobal.asia/cn/wp-content/uploads/2017/09/hp3-cra-bg.jpg]
[www.tlcglobal.asia/cn/wp-content/plugins/contact-form-7/includes/js/scripts3c21.js]
[www.tlcglobal.asia/cn/wp-content/plugins/goodlayers-core/plugins/combine/script4439.js]
[www.tlcglobal.asia/cn/disclaimer/index.html]
[www.tlcglobal.asia/cn/wp-content/plugins/goodlayers-core/include/js/page-builderd36b.js]
[www.tlcglobal.asia/cn/wp-content/plugins/gs-logo-slider/gsl-files/js/jquery.bxslider.minef6d.js]
[www.tlcglobal.asia/cn/wp-content/plugins/gs-logo-slider/gsl-files/js/jquery.easing.1.3ef6d.js]
[www.tlcglobal.asia/cn/wp-content/plugins/gs-logo-slider/gsl-files/js/gs-logo-customef6d.js]
[www.tlcglobal.asia/cn/wp-includes/js/jquery/ui/effect.mine899.js]
[www.tlcglobal.asia/cn/wp-content/themes/financity/js/script-core8a54.js]
[www.tlcglobal.asia/cn/wp-content/plugins/wp-google-map-plugin/assets/js/maps531b.js]
[www.tlcglobal.asia/cn/index.html]
[www.tlcglobal.asia/cn/wp-includes/js/wp-embed.min4439.js]
[www.tlcglobal.asia/wp-json/oembed/1.0/embedb493.json]
[www.tlcglobal.asia/disclaimer/feed/index.html]
[www.tlcglobal.asia/disclaimer/index.html]
[www.tlcglobal.asia/wp-content/plugins/goodlayers-core/plugins/combine/fontawesome/fontawesome-webfont3e6e.svg]
[www.tlcglobal.asia/wp-content/plugins/goodlayers-core/plugins/combine/elegant/ElegantIcons.svg]
[www.tlcglobal.asia/wp-content/plugins/goodlayers-core/plugins/combine/arrow-prev-icon-64.html]
[www.tlcglobal.asia/wp-content/plugins/revslider/public/assets/fonts/revicons/revicons90c6.svg]
[www.tlcglobal.asia/index3bd6.html]
[www.tlcglobal.asia/indexf41b.html]
[www.tlcglobal.asia/index08f8.html]
[www.tlcglobal.asia/index0bf4.html]
[www.tlcglobal.asia/wp-json/oembed/1.0/embede3c2]
[www.tlcglobal.asia/wp-json/oembed/1.0/embedb07a.json]
[www.tlcglobal.asia/whatispip/index.html]
[www.tlcglobal.asia/wp-json/oembed/1.0/embedfdf7]
[www.tlcglobal.asia/wp-json/oembed/1.0/embed7b0a.json]
[www.tlcglobal.asia/wp-json/oembed/1.0/embedbb91]
[www.tlcglobal.asia/wp-content/uploads/2019/04/english_ABCDD.jpg]
[www.tlcglobal.asia/wp-content/uploads/2019/02/abcd_2.png]
[www.tlcglobal.asia/abcd-form/index.html]
[www.tlcglobal.asia/wp-json/oembed/1.0/embedbf60.json]
[www.tlcglobal.asia/loss-profit/index.html]
[www.tlcglobal.asia/wp-json/oembed/1.0/embed6f37]
[www.tlcglobal.asia/wp-json/oembed/1.0/embedf9d9.json]
[www.tlcglobal.asia/5-reason-affected/index.html]
[www.tlcglobal.asia/wp-json/oembed/1.0/embed3796]
[www.tlcglobal.asia/wp-json/oembed/1.0/embed47f3.json]
[www.tlcglobal.asia/wp-json/oembed/1.0/embedd1ca]
[www.tlcglobal.asia/wp-content/uploads/2019/04/trade_voluum.jpg]
[www.tlcglobal.asia/fluidity-volatility/index.html]
[www.tlcglobal.asia/wp-json/oembed/1.0/embed21ea.json]
[www.tlcglobal.asia/margin-leverage/index.html]
[www.tlcglobal.asia/wp-json/oembed/1.0/embed5c2a]
[www.tlcglobal.asia/wp-json/oembed/1.0/embedcc85.json]
[www.tlcglobal.asia/trade-currency/index.html]
[www.tlcglobal.asia/wp-json/oembed/1.0/embed66dc]
[www.tlcglobal.asia/wp-json/oembed/1.0/embedba24.json]
[www.tlcglobal.asia/wp-json/oembed/1.0/embed9af9]
[www.tlcglobal.asia/wp-content/uploads/2019/02/trade-time.png]
[www.tlcglobal.asia/trade-time/index.html]
[www.tlcglobal.asia/index8b69.html]
[www.tlcglobal.asia/2020/06/26/uncertain-path-for-recovery-of-us-economy/feed/index.html]
[www.tlcglobal.asia/wp-json/oembed/1.0/embed1b5f.json]
[www.tlcglobal.asia/wp-json/oembed/1.0/embed2fc3]
[www.tlcglobal.asia/wp-content/uploads/2020/06/Uncertain-path-for-recovery-of-US-economy-img1-300x214.jpg]
[www.tlcglobal.asia/wp-content/uploads/2020/06/Uncertain-path-for-recovery-of-US-economy-img2-300x200.jpg]
[www.tlcglobal.asia/wp-content/uploads/2020/06/Uncertain-path-for-recovery-of-US-economy-img3-300x200.jpg]
[www.tlcglobal.asia/2020/06/26/uncertain-path-for-recovery-of-us-economy/index.html]
[www.tlcglobal.asia/wp-includes/js/comment-reply.min680c.js]
[www.tlcglobal.asia/wp-content/uploads/2016/06/pexels-photo-380769-150x150.jpg]
[www.tlcglobal.asia/portfolio/startup-funding/index.html]
[www.tlcglobal.asia/wp-content/uploads/2017/09/shutterstock_431851042-150x150.jpg]
[www.tlcglobal.asia/portfolio/family-asset-management/index.html]
[www.tlcglobal.asia/wp-content/uploads/2017/09/shutterstock_334043390-150x150.jpg]
[www.tlcglobal.asia/portfolio/accounting-advisory/index.html]
[www.tlcglobal.asia/wp-content/uploads/2017/09/shutterstock_251320138-150x150.jpg]
[www.tlcglobal.asia/portfolio/merger-acquisition/index.html]
[www.tlcglobal.asia/wp-content/uploads/2017/09/shutterstock_337088285-150x150.jpg]
[www.tlcglobal.asia/portfolio/business-matching/index.html]
[www.tlcglobal.asia/wp-content/uploads/2017/09/pexels-photo-315788-150x150.jpg]
[www.tlcglobal.asia/portfolio/bitcoin-farming-advisory/index.html]
[www.tlcglobal.asia/wp-content/uploads/2017/09/shutterstock_247037281-150x150.jpg]
[www.tlcglobal.asia/portfolio/stock-custodian-service/index.html]
[www.tlcglobal.asia/wp-content/uploads/2017/09/shutterstock_158522279-150x150.jpg]
[www.tlcglobal.asia/portfolio/business-strategy/index.html]
[www.tlcglobal.asia/wp-content/uploads/2016/06/shutterstock_294489926-150x150.jpg]
[www.tlcglobal.asia/2020/06/26/index.html]
[www.tlcglobal.asia/author/ericoye/index.html]
[www.tlcglobal.asia/category/uncategorized/index.html]
[www.tlcglobal.asia/portfolio/market-research/index.html]
[www.tlcglobal.asia/author/ericoye/feed/index.html]
[www.tlcglobal.asia/2020/05/15/generating-secondary-sources-of-income-beyond-the-pandemic/index.html]
[www.tlcglobal.asia/wp-json/oembed/1.0/embedbc13.json]
[www.tlcglobal.asia/2020/05/14/index.html]
[www.tlcglobal.asia/wp-json/oembed/1.0/embed9f5a]
[www.tlcglobal.asia/2020/04/30/tlc-·-ava-live-streams-on-zoom-unveils-2020-strategic-alliance-plan/index.html]
[www.tlcglobal.asia/2020/05/14/tlc-changes-strategy-and-supports-society/index.html]
[www.tlcglobal.asia/wp-content/uploads/2020/06/f1-300x169.jpg]
[www.tlcglobal.asia/2020/04/30/index.html]
[www.tlcglobal.asia/2020/04/21/global-wealth-fund-gwf-grand-launch/index.html]
[www.tlcglobal.asia/wp-content/uploads/2020/06/f2-300x200.jpg]
[www.tlcglobal.asia/2020/04/21/index.html]
[www.tlcglobal.asia/wp-content/uploads/2020/06/f3-300x200.jpg]
[www.tlcglobal.asia/2020/06/18/6900/index.html]
[www.tlcglobal.asia/2020/06/18/index.html]
[www.tlcglobal.asia/2020/04/17/index.html]
[www.tlcglobal.asia/2020/04/17/our-strategic-partnership-with-aplex-va-launch-of-our-fund/index.html]
[www.tlcglobal.asia/author/ericoye/page/2/index.html]
[www.tlcglobal.asia/author/ericoye/page/3/index.html]
[www.tlcglobal.asia/category/uncategorized/feed/index.html]
[www.tlcglobal.asia/wp-json/oembed/1.0/embed8833.json]
[www.tlcglobal.asia/wp-json/oembed/1.0/embed8fc2]
[www.tlcglobal.asia/category/uncategorized/page/2/index.html]
[www.tlcglobal.asia/2020/06/18/6900/feed/index.html]
[www.tlcglobal.asia/wp-content/uploads/2020/06/ava-300x94.png]
[www.tlcglobal.asia/wp-content/uploads/2019/10/TLC-Logo-Full-Colour-300x143.png]
[www.tlcglobal.asia/2020/06/13/ava-tlc-sign-ma-online-kickstarting-more-global-investments/feed/index.html]
[www.tlcglobal.asia/wp-content/uploads/2020/06/ava2-e1592016198306-300x138.png]
[www.tlcglobal.asia/wp-content/uploads/2020/06/ava3-e1592016532530-300x170.png]
[www.tlcglobal.asia/wp-content/uploads/2020/06/ava4-300x225.png]
[www.tlcglobal.asia/2020/06/13/ava-tlc-sign-ma-online-kickstarting-more-global-investments/index.html]
[www.tlcglobal.asia/2020/06/13/index.html]
[www.tlcglobal.asia/wp-json/oembed/1.0/embed1953.json]
[www.tlcglobal.asia/2020/06/03/tlc-x-limestone-fx-first-collaberation-achieved-remarkable-result/feed/index.html]
[www.tlcglobal.asia/wp-json/oembed/1.0/embed3345]
[www.tlcglobal.asia/wp-content/uploads/2020/06/l1-1024x683.jpg]
[www.tlcglobal.asia/wp-content/uploads/2020/06/l2-e1591155926409-300x233.jpg]
[www.tlcglobal.asia/wp-content/uploads/2020/06/l3-e1591156046623-300x192.jpg]
[www.tlcglobal.asia/2020/06/03/tlc-x-limestone-fx-first-collaberation-achieved-remarkable-result/index.html]
[www.tlcglobal.asia/2020/06/03/index.html]
[www.tlcglobal.asia/wp-json/oembed/1.0/embed350f.json]
[www.tlcglobal.asia/2020/05/15/gwf-gw-profit-2-fund-generates-good-returns-in-safe-haven-markets/feed/index.html]
[www.tlcglobal.asia/wp-json/oembed/1.0/embed5139]
[www.tlcglobal.asia/wp-content/uploads/2020/05/h1-e1589512833473.jpg]
[www.tlcglobal.asia/wp-content/uploads/2020/05/h2-e1589512627721.png]
[www.tlcglobal.asia/wp-content/uploads/2020/05/h3-e1589512921826.png]
[www.tlcglobal.asia/wp-content/uploads/2020/05/h4.jpg]
[www.tlcglobal.asia/2020/05/15/gwf-gw-profit-2-fund-generates-good-returns-in-safe-haven-markets/index.html]
[www.tlcglobal.asia/2020/05/15/index.html]
[www.tlcglobal.asia/newsandevents/page/2/index.html]
[www.tlcglobal.asia/newsandevents/page/3/index.html]
[www.tlcglobal.asia/2020/04/13/investing-for-retirement-in-a-recession/index.html]
[www.tlcglobal.asia/newsandevents/page/4/index.html]
[www.tlcglobal.asia/wp-content/uploads/2019/10/vi19-1-900x500.png]
[www.tlcglobal.asia/2020/04/13/index.html]
[www.tlcglobal.asia/2020/04/06/opportunities-in-the-eye-of-a-great-depression/index.html]
[www.tlcglobal.asia/2020/04/06/index.html]
[www.tlcglobal.asia/2020/04/02/quantitative-easing-induced-inflation-presents-trading-opportunities/index.html]
[www.tlcglobal.asia/wp-content/uploads/2019/10/23-900x500.png]
[www.tlcglobal.asia/2020/04/02/index.html]
[www.tlcglobal.asia/2020/03/30/guarding-against-unemployment-with-passive-income/index.html]
[www.tlcglobal.asia/wp-content/uploads/2019/06/june-900x337.jpg]
[www.tlcglobal.asia/2020/03/30/index.html]
[www.tlcglobal.asia/wp-content/uploads/2016/06/1-900x500.png]
[www.tlcglobal.asia/2020/03/21/index.html]
[www.tlcglobal.asia/newsandevents/page/5/index.html]
[www.tlcglobal.asia/2020/03/21/silver-lining-forex-edging-economic-turmoil/index.html]
[www.tlcglobal.asia/2019/10/21/big-thanks-to-media-for-excellent-coverage-on-vietnam-gala-dinner/index.html]
[www.tlcglobal.asia/index3661.html]
[www.tlcglobal.asia/2019/10/21/index.html]
[www.tlcglobal.asia/category/news/index.html]
[www.tlcglobal.asia/2019/10/06/warning-alert-⚠/index.html]
[www.tlcglobal.asia/cdn-cgi/l/email-protection.html]
[www.tlcglobal.asia/2019/10/06/index.html]
[www.tlcglobal.asia/cn/xmlrpc.php]
[www.tlcglobal.asia/2019/10/06/tlc-携手-ibh-力闯-wikiexpo-进军国际市场/index.html]
[www.tlcglobal.asia/2019/06/20/awesome-treats-for-june-have-landed/index.html]
[www.tlcglobal.asia/2019/06/20/index.html]
[www.tlcglobal.asia/2019/06/02/roaring-success-for-tlc-x-ibh-global-launch/index.html]
[www.tlcglobal.asia/cn/wp-content/plugins/gs-logo-slider/gsl-files/css/images/bx_loader.gif]
[www.tlcglobal.asia/2019/06/02/index.html]
[www.tlcglobal.asia/cn/wp-content/plugins/gs-logo-slider/gsl-files/css/images/controls.png]
[www.tlcglobal.asia/cn/wp-content/plugins/gs-logo-slider/gsl-files/css/jquery.bxslideref6d.css]
[www.tlcglobal.asia/cn/wp-content/plugins/gs-logo-slider/gsl-files/css/gs-mainef6d.css]
[www.tlcglobal.asia/cn/wp-includes/css/dist/block-library/style.min4439.css]
[www.tlcglobal.asia/cn/wp-content/plugins/contact-form-7/images/ajax-loader.gif]
[www.tlcglobal.asia/cn/wp-content/plugins/contact-form-7/includes/css/styles3c21.css]
[www.tlcglobal.asia/cn/wp-content/plugins/goodlayers-core/plugins/combine/fontawesome/fontawesome-webfont3e6e.eot]
[www.tlcglobal.asia/cn/wp-content/plugins/goodlayers-core/plugins/combine/fontawesome/fontawesome-webfontd41d.eot]
[www.tlcglobal.asia/cn/wp-content/plugins/goodlayers-core/plugins/combine/fontawesome/fontawesome-webfont3e6e.woff2]
[www.tlcglobal.asia/cn/wp-content/plugins/goodlayers-core/plugins/combine/fontawesome/fontawesome-webfont3e6e.woff]
[www.tlcglobal.asia/cn/wp-content/plugins/goodlayers-core/plugins/combine/fontawesome/fontawesome-webfont3e6e.ttf]
[www.tlcglobal.asia/cn/wp-content/plugins/goodlayers-core/plugins/combine/fontawesome/fontawesome-webfont3e6e.svg]
[www.tlcglobal.asia/cn/wp-content/plugins/goodlayers-core/plugins/combine/elegant/ElegantIcons.eot]
[www.tlcglobal.asia/cn/wp-content/plugins/goodlayers-core/plugins/combine/elegant/ElegantIconsd41d.eot]
[www.tlcglobal.asia/cn/wp-content/plugins/goodlayers-core/plugins/combine/elegant/ElegantIcons.woff]
[www.tlcglobal.asia/cn/wp-content/plugins/goodlayers-core/plugins/combine/elegant/ElegantIcons.ttf]
[www.tlcglobal.asia/cn/wp-content/plugins/goodlayers-core/plugins/combine/elegant/ElegantIcons.svg]
[www.tlcglobal.asia/cn/wp-content/plugins/goodlayers-core/plugins/combine/skin-ilightbox/closedhand.cur]
[www.tlcglobal.asia/cn/wp-content/plugins/goodlayers-core/plugins/combine/skin-ilightbox/social_icons/facebook_16.png]
[www.tlcglobal.asia/cn/wp-content/plugins/goodlayers-core/plugins/combine/skin-ilightbox/social_icons/digg_16.png]
[www.tlcglobal.asia/cn/wp-content/plugins/goodlayers-core/plugins/combine/skin-ilightbox/social_icons/twitter_16.png]
[www.tlcglobal.asia/cn/wp-content/plugins/goodlayers-core/plugins/combine/skin-ilightbox/social_icons/delicious_16.png]
[www.tlcglobal.asia/cn/wp-content/plugins/goodlayers-core/plugins/combine/skin-ilightbox/social_icons/reddit_16.png]
[www.tlcglobal.asia/cn/wp-content/plugins/goodlayers-core/plugins/combine/skin-ilightbox/social_icons/google_plus_16.png]
[www.tlcglobal.asia/cn/wp-content/plugins/goodlayers-core/plugins/combine/skin-ilightbox/dark-skin/preloader.gif]
[www.tlcglobal.asia/cn/wp-content/plugins/goodlayers-core/plugins/combine/skin-ilightbox/dark-skin/caption-bg.png]
[www.tlcglobal.asia/cn/wp-content/plugins/goodlayers-core/plugins/combine/skin-ilightbox/dark-skin/alert.png]
[www.tlcglobal.asia/cn/wp-content/plugins/goodlayers-core/plugins/combine/skin-ilightbox/dark-skin/buttons.png]
[www.tlcglobal.asia/cn/wp-content/plugins/goodlayers-core/plugins/combine/skin-ilightbox/dark-skin/fullscreen-icon-64.png]
[www.tlcglobal.asia/cn/wp-content/plugins/goodlayers-core/plugins/combine/skin-ilightbox/dark-skin/fullscreen-icon-ie.png]
[www.tlcglobal.asia/cn/wp-content/plugins/goodlayers-core/plugins/combine/skin-ilightbox/dark-skin/x-mark-icon-64.png]
[www.tlcglobal.asia/cn/wp-content/plugins/goodlayers-core/plugins/combine/skin-ilightbox/dark-skin/x-mark-icon-ie.png]
[www.tlcglobal.asia/cn/wp-content/plugins/goodlayers-core/plugins/combine/skin-ilightbox/dark-skin/arrow-next-icon-64.png]
[www.tlcglobal.asia/cn/wp-content/plugins/goodlayers-core/plugins/combine/skin-ilightbox/dark-skin/arrow-next-icon-ie.png]
[www.tlcglobal.asia/cn/wp-content/plugins/goodlayers-core/plugins/combine/skin-ilightbox/dark-skin/arrow-prev-icon-64.png]
[www.tlcglobal.asia/cn/wp-content/plugins/goodlayers-core/plugins/combine/skin-ilightbox/dark-skin/arrow-prev-icon-ie.png]
[www.tlcglobal.asia/cn/wp-content/plugins/goodlayers-core/plugins/combine/skin-ilightbox/dark-skin/play-icon-64.png]
[www.tlcglobal.asia/cn/wp-content/plugins/goodlayers-core/plugins/combine/skin-ilightbox/dark-skin/play-icon-ie.png]
[www.tlcglobal.asia/cn/wp-content/plugins/goodlayers-core/plugins/combine/skin-ilightbox/dark-skin/pause-icon-64.png]
[www.tlcglobal.asia/cn/wp-content/plugins/goodlayers-core/plugins/combine/skin-ilightbox/dark-skin/pause-icon-ie.png]
[www.tlcglobal.asia/cn/wp-content/plugins/goodlayers-core/plugins/combine/skin-ilightbox/dark-skin/thumb-overlay-play.png]
[www.tlcglobal.asia/cn/wp-content/plugins/goodlayers-core/plugins/combine/skin-ilightbox/dark-skin/arrow-next-vertical-icon-64.png]
[www.tlcglobal.asia/cn/wp-content/plugins/goodlayers-core/plugins/combine/skin-ilightbox/dark-skin/arrow-prev-vertical-icon-64.png]
[www.tlcglobal.asia/cn/wp-content/plugins/goodlayers-core/plugins/combine/arrow-prev-icon-64.png]
[www.tlcglobal.asia/cn/wp-content/plugins/goodlayers-core/plugins/combine/style4439.css]
[www.tlcglobal.asia/cn/wp-content/plugins/goodlayers-core/include/images/blog-style/blog-item-gradient.png]
[www.tlcglobal.asia/cn/wp-content/plugins/goodlayers-core/include/images/blog-style/blog-item-gradient2.png]
[www.tlcglobal.asia/cn/wp-content/plugins/goodlayers-core/include/images/post-slider/gradient.png]
[www.tlcglobal.asia/cn/wp-content/plugins/goodlayers-core/include/images/gallery/gallery-shadow.png]
[www.tlcglobal.asia/cn/wp-content/plugins/goodlayers-core/include/images/portfolio/now-loading.gif]
[www.tlcglobal.asia/cn/wp-content/plugins/goodlayers-core/include/images/content-blocked.jpg]
[www.tlcglobal.asia/cn/wp-content/plugins/goodlayers-core/include/css/page-builder4439.css]
[www.tlcglobal.asia/cn/wp-content/plugins/menu-image/menu-image4963.css]
[www.tlcglobal.asia/cn/wp-content/plugins/revslider/public/assets/fonts/revicons/revicons90c6.eot]
[www.tlcglobal.asia/cn/wp-content/plugins/revslider/public/assets/fonts/revicons/revicons90c6.woff]
[www.tlcglobal.asia/cn/wp-content/plugins/revslider/public/assets/fonts/revicons/revicons90c6.ttf]
[www.tlcglobal.asia/cn/wp-content/plugins/revslider/public/assets/fonts/revicons/revicons90c6.svg]
[www.tlcglobal.asia/cn/wp-content/plugins/revslider/public/assets/css/openhand.cur]
[www.tlcglobal.asia/cn/wp-content/plugins/revslider/public/assets/css/closedhand.cur]
[www.tlcglobal.asia/cn/wp-content/plugins/revslider/public/assets/assets/gridtile.png]
[www.tlcglobal.asia/cn/wp-content/plugins/revslider/public/assets/assets/gridtile_white.png]
[www.tlcglobal.asia/cn/wp-content/plugins/revslider/public/assets/assets/gridtile_3x3.png]
[www.tlcglobal.asia/cn/wp-content/plugins/revslider/public/assets/assets/gridtile_3x3_white.png]
[www.tlcglobal.asia/cn/wp-content/plugins/revslider/public/assets/assets/coloredbg.png]
[www.tlcglobal.asia/cn/wp-content/plugins/revslider/public/assets/assets/loader.gif]
[www.tlcglobal.asia/cn/wp-content/plugins/revslider/public/assets/css/settings23da.css]
[www.tlcglobal.asia/cn/wp-content/themes/financity/images/preload.gif]
[www.tlcglobal.asia/cn/wp-content/themes/financity/images/page-title-background.jpg]
[www.tlcglobal.asia/cn/wp-content/themes/financity/images/blog-title-top-gradient.png]
[www.tlcglobal.asia/cn/wp-content/themes/financity/images/blog-title-gradient.png]
[www.tlcglobal.asia/cn/wp-content/themes/financity/images/404-background.jpg]
[www.tlcglobal.asia/cn/wp-content/themes/financity/css/style-core4439.css]
[www.tlcglobal.asia/cn/wp-content/themes/financity-child/style4439.css]
[www.tlcglobal.asia/cn/wp-content/plugins/goodlayers-core/include/images/pattern/pattern-1.png]
[www.tlcglobal.asia/cn/wp-content/uploads/2017/09/page-title-background.jpg]
[www.tlcglobal.asia/cn/wp-content/uploads/2017/09/single-blog-title.jpg]
[www.tlcglobal.asia/cn/wp-content/uploads/financity-style-custom191a.css]
[www.tlcglobal.asia/cn/wp-json/oembed/1.0/embed52cb.json]
[www.tlcglobal.asia/cn/wp-json/oembed/1.0/embed0084]
[www.tlcglobal.asia/cn/wp-content/uploads/2019/03/TLC_Head-Poster-01b.jpg]
[www.tlcglobal.asia/cn/wp-content/uploads/2019/03/shutterstock_524405221.jpg]
[www.tlcglobal.asia/cn/wp-content/uploads/2019/03/qiye.png]
[www.tlcglobal.asia/cn/wp-content/uploads/2019/03/shiming.png]
[www.tlcglobal.asia/cn/wp-content/uploads/2017/09/shutterstock_174966551.jpg]
[www.tlcglobal.asia/cn/wp-content/uploads/2017/09/hp2-service-1.jpg]
[www.tlcglobal.asia/cn/wp-content/uploads/2019/03/1.png]
[www.tlcglobal.asia/cn/wp-content/uploads/2019/03/2png.png]
[www.tlcglobal.asia/cn/wp-content/uploads/2019/03/3.png]
[www.tlcglobal.asia/cn/wp-content/uploads/2019/03/4.png]
[www.tlcglobal.asia/cn/wp-content/uploads/2019/03/GMC_2249.jpg]
[www.tlcglobal.asia/cn/wp-content/uploads/2019/03/GMC_2249-1024x683.jpg]
[www.tlcglobal.asia/cn/wp-content/uploads/2019/03/GMC_2252.jpg]
[www.tlcglobal.asia/cn/wp-content/uploads/2019/03/GMC_2252-1024x683.jpg]
[www.tlcglobal.asia/cn/wp-content/uploads/2019/03/GMC_2276.jpg]
[www.tlcglobal.asia/cn/wp-content/uploads/2019/03/GMC_2276-1024x683.jpg]
[www.tlcglobal.asia/cn/wp-content/uploads/2019/03/GMC_2283.jpg]
[www.tlcglobal.asia/cn/wp-content/uploads/2019/03/GMC_2283-1024x683.jpg]
[www.tlcglobal.asia/cn/wp-content/uploads/2019/03/GMC_2256.jpg]
[www.tlcglobal.asia/cn/wp-content/uploads/2019/03/GMC_2256-1024x683.jpg]
[www.tlcglobal.asia/cn/wp-content/uploads/2019/03/RECEPTION-01.jpg]
[www.tlcglobal.asia/cn/wp-content/uploads/2019/03/RECEPTION-01-1024x575.jpg]
[www.tlcglobal.asia/cn/wp-content/uploads/2019/12/about1.png]
[www.tlcglobal.asia/cn/wp-content/uploads/2019/12/about2.png]
[www.tlcglobal.asia/cn/wp-content/uploads/2019/03/TLC_Head-Poster-01b-Mobile.jpg]
[www.tlcglobal.asia/cn/aboutus/index.html]
[www.tlcglobal.asia/cn/wp-json/oembed/1.0/embed9dd4.json]
[www.tlcglobal.asia/cn/wp-json/oembed/1.0/embed7b9a]
[www.tlcglobal.asia/cn/wp-content/uploads/2019/03/TLC_Head-Poster-03b.jpg]
[www.tlcglobal.asia/cn/wp-content/uploads/2017/09/about-2-bg.jpg]
[www.tlcglobal.asia/cn/wp-content/uploads/2019/12/FIPS-cn2.png]
[www.tlcglobal.asia/cn/wp-content/uploads/2019/03/TLC_Head-Poster-03b-Mobile.jpg]
[www.tlcglobal.asia/cn/profitplan/index.html]
[www.tlcglobal.asia/cn/wp-json/oembed/1.0/embed282c.json]
[www.tlcglobal.asia/cn/wp-json/oembed/1.0/embed8304]
[www.tlcglobal.asia/cn/wp-content/uploads/2019/04/TLC_Head-Poster-04b.jpg]
[www.tlcglobal.asia/cn/wp-content/uploads/2019/05/ibh.jpg]
[www.tlcglobal.asia/cn/wp-content/uploads/2019/07/20190701164623998_0001-724x1024.jpg]
[www.tlcglobal.asia/cn/wp-content/uploads/2019/07/20190701164809971_0001-724x1024.jpg]
[www.tlcglobal.asia/cn/wp-content/uploads/2019/12/fintec.png]
[www.tlcglobal.asia/cn/wp-content/uploads/2019/12/trophy.jpg]
[www.tlcglobal.asia/cn/wp-content/uploads/2019/12/about3-reward.png]
[www.tlcglobal.asia/cn/wp-content/uploads/2019/05/web-banner-strategy2.jpg]
[www.tlcglobal.asia/cn/partnership/index.html]
[www.tlcglobal.asia/cn/wp-json/oembed/1.0/embed5e56.json]
[www.tlcglobal.asia/cn/wp-json/oembed/1.0/embed8630]
[www.tlcglobal.asia/cn/wp-content/uploads/2019/03/TLC_Head-Poster-02b.jpg]
[www.tlcglobal.asia/cn/wp-content/uploads/2019/03/shutterstock_495349657.jpg]
[www.tlcglobal.asia/cn/wp-content/uploads/2019/03/无需专业技巧.jpg]
[www.tlcglobal.asia/cn/wp-content/uploads/2019/03/1-3.png]
[www.tlcglobal.asia/cn/wp-content/uploads/2019/03/3-3.png]
[www.tlcglobal.asia/cn/wp-content/uploads/2019/03/5-1.png]
[www.tlcglobal.asia/cn/wp-content/uploads/2019/03/2-2.png]
[www.tlcglobal.asia/cn/wp-content/uploads/2019/03/4-2.png]
[www.tlcglobal.asia/cn/wp-content/uploads/2019/03/6-1.png]
[www.tlcglobal.asia/cn/wp-content/uploads/revslider/homepage2/slider-1-1-1.jpg]
[www.tlcglobal.asia/cn/wp-content/uploads/2019/03/WhatsApp-Image-2019-03-09-at-18.43.39.jpg]
[www.tlcglobal.asia/cn/whatispip/index.html]
[www.tlcglobal.asia/cn/abcd-form/index.html]
[www.tlcglobal.asia/cn/wp-content/uploads/2019/03/TLC_Head-Poster-02b-Mobile.jpg]
[www.tlcglobal.asia/cn/forextrade/index.html]
[www.tlcglobal.asia/cn/loss-profit/index.html]
[www.tlcglobal.asia/cn/5-reason-affected/index.html]
[www.tlcglobal.asia/cn/fluidity-volatility/index.html]
[www.tlcglobal.asia/cn/margin-leverage/index.html]
[www.tlcglobal.asia/cn/trade-time/index.html]
[www.tlcglobal.asia/cn/wp-json/oembed/1.0/embed4401.json]
[www.tlcglobal.asia/cn/newsandfeeds/index.html]
[www.tlcglobal.asia/cn/wp-json/oembed/1.0/embedbb07]
[www.tlcglobal.asia/cn/2020/06/26/index.html]
[www.tlcglobal.asia/cn/author/ericoye/index.html]
[www.tlcglobal.asia/cn/2020/06/26/走出冠病阴霾-跳上经济重启的快车/index.html]
[www.tlcglobal.asia/cn/wp-json/oembed/1.0/embedcb0e.json]
[www.tlcglobal.asia/cn/category/uncategorized/index.html]
[www.tlcglobal.asia/cn/wp-json/oembed/1.0/embed9114]
[www.tlcglobal.asia/cn/2020/06/18/index.html]
[www.tlcglobal.asia/cn/2020/06/18/裁员和破产风暴下的金融独角兽，还有哪些？/index.html]
[www.tlcglobal.asia/cn/wp-content/uploads/2017/09/about-team-bg.jpg]
[www.tlcglobal.asia/cn/2020/06/13/index.html]
[www.tlcglobal.asia/cn/contactus/index.html]
[www.tlcglobal.asia/cn/2020/06/13/ava与tlc线上完成并购签署-启动更多环球投资/index.html]
[www.tlcglobal.asia/cn/2020/06/03/tlc-与-limestone-fx-首度合作，勇创佳绩/index.html]
[www.tlcglobal.asia/cn/2020/06/03/index.html]
[www.tlcglobal.asia/cn/2020/05/15/gwf-gw-利润-2-基金在避险市场产生良好回报/index.html]
[www.tlcglobal.asia/cn/wp-json/oembed/1.0/embed9880.json]
[www.tlcglobal.asia/cn/2020/05/15/index.html]
[www.tlcglobal.asia/cn/newsandfeeds/page/2/index.html]
[www.tlcglobal.asia/cn/disclaimer/index.html]
[www.tlcglobal.asia/cn/wp-json/oembed/1.0/embeda57a]
[www.tlcglobal.asia/cn/disclaimer/feed/index.html]
[www.tlcglobal.asia/cn/newsandfeeds/page/5/index.html]
[www.tlcglobal.asia/index1cc8.html]
[www.tlcglobal.asia/index983f.html]
[www.tlcglobal.asia/index2caf.html]
[www.tlcglobal.asia/index3ef1.html]
[www.tlcglobal.asia/index9167.html]
[www.tlcglobal.asia/index0667.html]
[www.tlcglobal.asia/index2483.html]
[www.tlcglobal.asia/index9872.html]
[www.tlcglobal.asia/index3fde.html]
[www.tlcglobal.asia/index685a.html]
[www.tlcglobal.asia/cn/newsandfeeds/page/3/index.html]
[www.tlcglobal.asia/wp-json/oembed/1.0/embed55a9.json]
[www.tlcglobal.asia/wp-json/oembed/1.0/embed84c9]
[www.tlcglobal.asia/wp-content/uploads/2017/09/single-port-3-1-1.jpg]
[www.tlcglobal.asia/wp-content/uploads/2017/09/icon-1.png]
[www.tlcglobal.asia/wp-content/uploads/2017/09/single-port-3-2.jpg]
[www.tlcglobal.asia/portfolio/startup-funding/index.html]
[www.tlcglobal.asia/wp-json/oembed/1.0/embede42a.json]
[www.tlcglobal.asia/wp-json/oembed/1.0/embed85bc]
[www.tlcglobal.asia/wp-content/uploads/2017/09/single-port-2-1.jpg]
[www.tlcglobal.asia/wp-content/uploads/2017/09/single-port-2-2-1.jpg]
[www.tlcglobal.asia/wp-content/uploads/2017/09/shutterstock_400221685.jpg]
[www.tlcglobal.asia/portfolio/family-asset-management/index.html]
[www.tlcglobal.asia/wp-json/oembed/1.0/embed87c7.json]
[www.tlcglobal.asia/wp-json/oembed/1.0/embed73cf]
[www.tlcglobal.asia/wp-content/uploads/2017/09/single-port-1.jpg]
[www.tlcglobal.asia/wp-content/uploads/2017/09/single-port-1-2.jpg]
[www.tlcglobal.asia/portfolio/accounting-advisory/index.html]
[www.tlcglobal.asia/wp-json/oembed/1.0/embed42c7.json]
[www.tlcglobal.asia/portfolio/merger-acquisition/index.html]
[www.tlcglobal.asia/wp-json/oembed/1.0/embed7c5f]
[www.tlcglobal.asia/wp-json/oembed/1.0/embed4f94.json]
[www.tlcglobal.asia/portfolio/business-matching/index.html]
[www.tlcglobal.asia/wp-json/oembed/1.0/embed2918]
[www.tlcglobal.asia/wp-json/oembed/1.0/embedeac8.json]
[www.tlcglobal.asia/portfolio/bitcoin-farming-advisory/index.html]
[www.tlcglobal.asia/wp-json/oembed/1.0/embedbab3]
[www.tlcglobal.asia/wp-json/oembed/1.0/embed207e.json]
[www.tlcglobal.asia/portfolio/stock-custodian-service/index.html]
[www.tlcglobal.asia/wp-json/oembed/1.0/embed2ee7]
[www.tlcglobal.asia/wp-json/oembed/1.0/embedbcaa.json]
[www.tlcglobal.asia/wp-json/oembed/1.0/embedcf3f]
[www.tlcglobal.asia/wp-content/uploads/2017/09/shutterstock_245508985.jpg]
[www.tlcglobal.asia/portfolio/business-strategy/index.html]
[www.tlcglobal.asia/wp-json/oembed/1.0/embed2109.json]
[www.tlcglobal.asia/portfolio/market-research/index.html]
[www.tlcglobal.asia/wp-json/oembed/1.0/embedac8f]
[www.tlcglobal.asia/wp-json/oembed/1.0/embedf8d3.json]
[www.tlcglobal.asia/2020/05/15/generating-secondary-sources-of-income-beyond-the-pandemic/feed/index.html]
[www.tlcglobal.asia/wp-json/oembed/1.0/embedcf39]
[www.tlcglobal.asia/wp-content/uploads/2020/05/v1.jpg]
[www.tlcglobal.asia/wp-content/uploads/2020/05/v2.jpg]
[www.tlcglobal.asia/wp-content/uploads/2020/05/v3.jpg]
[www.tlcglobal.asia/2020/05/15/generating-secondary-sources-of-income-beyond-the-pandemic/index.html]
[www.tlcglobal.asia/wp-json/oembed/1.0/embedacd8.json]
[www.tlcglobal.asia/2020/05/14/tlc-changes-strategy-and-supports-society/feed/index.html]
[www.tlcglobal.asia/wp-json/oembed/1.0/embed89c4]
[www.tlcglobal.asia/wp-content/uploads/2020/05/t1.jpg]
[www.tlcglobal.asia/wp-content/uploads/2020/05/t2.jpg]
[www.tlcglobal.asia/wp-content/uploads/2020/05/t3.jpg]
[www.tlcglobal.asia/wp-content/uploads/2020/05/t4.jpg]
[www.tlcglobal.asia/wp-content/uploads/2020/05/t5.jpg]
[www.tlcglobal.asia/2020/05/14/tlc-changes-strategy-and-supports-society/index.html]
[www.tlcglobal.asia/2020/05/14/index.html]
[www.tlcglobal.asia/2020/04/30/tlc-·-ava-live-streams-on-zoom-unveils-2020-strategic-alliance-plan/index.html]
[www.tlcglobal.asia/2020/04/30/index.html]
[www.tlcglobal.asia/wp-json/oembed/1.0/embed3b32.json]
[www.tlcglobal.asia/2020/04/21/global-wealth-fund-gwf-grand-launch/feed/index.html]
[www.tlcglobal.asia/wp-json/oembed/1.0/embedea28]
[www.tlcglobal.asia/wp-content/uploads/2020/04/g1.jpg]
[www.tlcglobal.asia/wp-content/uploads/2020/04/g2-2.jpg]
[www.tlcglobal.asia/wp-content/uploads/2020/04/g3.png]
[www.tlcglobal.asia/wp-content/uploads/2020/04/g4-2.jpg]
[www.tlcglobal.asia/2020/04/21/global-wealth-fund-gwf-grand-launch/index.html]
[www.tlcglobal.asia/2020/04/21/index.html]
[www.tlcglobal.asia/wp-json/oembed/1.0/embedc80c.json]
[www.tlcglobal.asia/2020/04/17/our-strategic-partnership-with-aplex-va-launch-of-our-fund/feed/index.html]
[www.tlcglobal.asia/wp-json/oembed/1.0/embedb2c3]
[www.tlcglobal.asia/wp-content/uploads/2020/04/aplex-va.jpg]
[www.tlcglobal.asia/wp-content/uploads/2020/04/aplex-va2-1024x642.jpg]
[www.tlcglobal.asia/wp-content/uploads/2020/04/aplex-va4.jpg]
[www.tlcglobal.asia/2020/04/17/our-strategic-partnership-with-aplex-va-launch-of-our-fund/index.html]
[www.tlcglobal.asia/2020/04/17/index.html]
[www.tlcglobal.asia/wp-content/uploads/2019/11/banner-1.png]
[www.tlcglobal.asia/2020/03/20/preparing-for-clearer-skies/index.html]
[www.tlcglobal.asia/2020/03/20/index.html]
[www.tlcglobal.asia/2020/03/13/market-rout-presents-opportunities-in-forex-investment/index.html]
[www.tlcglobal.asia/2020/03/13/index.html]
[www.tlcglobal.asia/wp-content/uploads/2019/11/banner.png]
[www.tlcglobal.asia/2019/11/19/index.html]
[www.tlcglobal.asia/2019/11/19/tlc-landed-in-traders-fair-singapore/index.html]
[www.tlcglobal.asia/2019/11/19/tlc-exclusive-sponsor-for-hsbc-business-sharing-session-in-hong-kong/index.html]
[www.tlcglobal.asia/wp-content/uploads/2019/10/4.png]
[www.tlcglobal.asia/author/ericoye/page/2/index.html]
[www.tlcglobal.asia/2019/11/01/liad-and-top-leader-meeting/index.html]
[www.tlcglobal.asia/2019/11/01/index.html]
[www.tlcglobal.asia/category/blog/index.html]
[www.tlcglobal.asia/wp-content/uploads/2019/10/vi19-1.png]
[www.tlcglobal.asia/wp-content/uploads/2019/10/23.png]
[www.tlcglobal.asia/wp-content/uploads/2019/06/june.jpg]
[www.tlcglobal.asia/wp-content/uploads/2016/06/1.png]
[www.tlcglobal.asia/author/ericoye/page/3/index.html]
[www.tlcglobal.asia/category/uncategorized/page/2/index.html]
[www.tlcglobal.asia/indexc9a1.html]
[www.tlcglobal.asia/indexb8f1.html]
[www.tlcglobal.asia/indexd06d.html]
[www.tlcglobal.asia/index42a1.html]
[www.tlcglobal.asia/newsandevents/page/1/index.html]
[www.tlcglobal.asia/wp-content/uploads/2019/11/banner-1-900x500.png]
[www.tlcglobal.asia/wp-content/uploads/2019/11/banner-900x500.png]
[www.tlcglobal.asia/wp-content/uploads/2019/10/4-900x500.png]
[www.tlcglobal.asia/newsandevents/page/4/index.html]
[www.tlcglobal.asia/2020/04/13/investing-for-retirement-in-a-recession/feed/index.html]
[www.tlcglobal.asia/wp-json/oembed/1.0/embedce40.json]
[www.tlcglobal.asia/wp-json/oembed/1.0/embed84b4]
[www.tlcglobal.asia/wp-content/uploads/2020/04/i1.jpg]
[www.tlcglobal.asia/wp-content/uploads/2020/04/i2.jpg]
[www.tlcglobal.asia/wp-content/uploads/2020/04/i3.jpg]
[www.tlcglobal.asia/2020/04/13/investing-for-retirement-in-a-recession/index.html]
[www.tlcglobal.asia/2020/04/13/index.html]
[www.tlcglobal.asia/wp-json/oembed/1.0/embed963b.json]
[www.tlcglobal.asia/wp-json/oembed/1.0/embedcdef]
[www.tlcglobal.asia/2020/04/06/opportunities-in-the-eye-of-a-great-depression/feed/index.html]
[www.tlcglobal.asia/wp-content/uploads/2020/04/o1.jpg]
[www.tlcglobal.asia/wp-content/uploads/2020/04/o2.jpg]
[www.tlcglobal.asia/wp-content/uploads/2020/04/o3.jpg]
[www.tlcglobal.asia/2020/04/06/opportunities-in-the-eye-of-a-great-depression/index.html]
[www.tlcglobal.asia/2020/04/06/index.html]
[www.tlcglobal.asia/wp-json/oembed/1.0/embed6f2b.json]
[www.tlcglobal.asia/2020/04/02/quantitative-easing-induced-inflation-presents-trading-opportunities/feed/index.html]
[www.tlcglobal.asia/wp-json/oembed/1.0/embed4dba]
[www.tlcglobal.asia/wp-content/uploads/2020/04/img1.jpg]
[www.tlcglobal.asia/wp-content/uploads/2020/04/img2.jpg]
[www.tlcglobal.asia/2020/04/02/quantitative-easing-induced-inflation-presents-trading-opportunities/index.html]
[www.tlcglobal.asia/2020/04/02/index.html]
[www.tlcglobal.asia/wp-json/oembed/1.0/embed8126.json]
[www.tlcglobal.asia/2020/03/30/guarding-against-unemployment-with-passive-income/feed/index.html]
[www.tlcglobal.asia/wp-json/oembed/1.0/embedda7a]
[www.tlcglobal.asia/wp-content/uploads/2020/03/p1.jpg]
[www.tlcglobal.asia/wp-content/uploads/2020/03/p2.jpg]
[www.tlcglobal.asia/wp-content/uploads/2020/03/p3.jpg]
[www.tlcglobal.asia/2020/03/30/guarding-against-unemployment-with-passive-income/index.html]
[www.tlcglobal.asia/2020/03/30/index.html]
[www.tlcglobal.asia/2020/03/21/silver-lining-forex-edging-economic-turmoil/feed/index.html]
[www.tlcglobal.asia/wp-json/oembed/1.0/embed7e06.json]
[www.tlcglobal.asia/wp-json/oembed/1.0/embedf216]
[www.tlcglobal.asia/wp-content/uploads/2020/03/a.jpg]
[www.tlcglobal.asia/wp-content/uploads/2020/03/b.jpg]
[www.tlcglobal.asia/2020/03/21/silver-lining-forex-edging-economic-turmoil/index.html]
[www.tlcglobal.asia/2020/03/21/index.html]
[www.tlcglobal.asia/wp-json/oembed/1.0/embedc141.json]
[www.tlcglobal.asia/2019/10/21/big-thanks-to-media-for-excellent-coverage-on-vietnam-gala-dinner/index.html]
[www.tlcglobal.asia/2019/10/21/big-thanks-to-media-for-excellent-coverage-on-vietnam-gala-dinner/feed/index.html]
[www.tlcglobal.asia/wp-json/oembed/1.0/embedb90a]
[www.tlcglobal.asia/2019/10/21/index.html]
[www.tlcglobal.asia/category/news/index.html]
[www.tlcglobal.asia/2019/10/06/warning-alert-⚠/index.html]
[www.tlcglobal.asia/2019/10/06/index.html]
[www.tlcglobal.asia/2019/10/06/tlc-携手-ibh-力闯-wikiexpo-进军国际市场/index.html]
[www.tlcglobal.asia/category/news/feed/index.html]
[www.tlcglobal.asia/wp-json/oembed/1.0/embed51fb.json]
[www.tlcglobal.asia/wp-json/oembed/1.0/embedab62]
[www.tlcglobal.asia/wp-content/uploads/2019/06/Picture1.png]
[www.tlcglobal.asia/wp-content/uploads/2019/06/Picture2.png]
[www.tlcglobal.asia/wp-content/uploads/2019/06/Picture3.png]
[www.tlcglobal.asia/2019/06/20/awesome-treats-for-june-have-landed/index.html]
[www.tlcglobal.asia/2019/06/20/index.html]
[www.tlcglobal.asia/wp-json/oembed/1.0/embed5c68.json]
[www.tlcglobal.asia/wp-json/oembed/1.0/embede769]
[www.tlcglobal.asia/wp-content/uploads/2019/06/TLC_highlightV11-1230a.mp4]
[www.tlcglobal.asia/wp-content/uploads/2019/06/TLC_highlightV11-1.mp4]
[www.tlcglobal.asia/wp-content/uploads/2019/06/2.png]
[www.tlcglobal.asia/wp-content/uploads/2019/06/3-300x200.png]
[www.tlcglobal.asia/wp-content/uploads/2019/06/4.png]
[www.tlcglobal.asia/wp-content/uploads/2019/06/5.png]
[www.tlcglobal.asia/wp-content/uploads/2019/06/5a-300x200.png]
[www.tlcglobal.asia/wp-content/uploads/2019/06/6.png]
[www.tlcglobal.asia/wp-content/uploads/2019/06/7.png]
[www.tlcglobal.asia/wp-content/uploads/2019/06/8.png]
[www.tlcglobal.asia/wp-content/uploads/2019/06/9.png]
[www.tlcglobal.asia/wp-content/uploads/2019/06/10.png]
[www.tlcglobal.asia/wp-content/uploads/2019/06/11.png]
[www.tlcglobal.asia/wp-content/uploads/2019/06/12.png]
[www.tlcglobal.asia/wp-content/uploads/2019/06/13.png]
[www.tlcglobal.asia/wp-content/uploads/2019/06/14.png]
[www.tlcglobal.asia/wp-content/uploads/2019/06/20.png]
[www.tlcglobal.asia/wp-content/uploads/2019/06/19.png]
[www.tlcglobal.asia/2019/06/02/roaring-success-for-tlc-x-ibh-global-launch/index.html]
[www.tlcglobal.asia/2019/06/02/index.html]
[www.tlcglobal.asia/cn/wp-content/plugins/goodlayers-core/plugins/combine/fontawesome/fontawesome-webfont3e6e.svg]
[www.tlcglobal.asia/cn/wp-content/plugins/goodlayers-core/plugins/combine/elegant/ElegantIcons.svg]
[www.tlcglobal.asia/cn/wp-content/plugins/goodlayers-core/plugins/combine/arrow-prev-icon-64.html]
[www.tlcglobal.asia/cn/wp-content/plugins/revslider/public/assets/fonts/revicons/revicons90c6.svg]
[www.tlcglobal.asia/cn/index3bd6.html]
[www.tlcglobal.asia/cn/indexf41b.html]
[www.tlcglobal.asia/cn/index08f8.html]
[www.tlcglobal.asia/cn/index0bf4.html]
[www.tlcglobal.asia/cn/whatispip/index.html]
[www.tlcglobal.asia/cn/abcd-form/index.html]
[www.tlcglobal.asia/cn/loss-profit/index.html]
[www.tlcglobal.asia/cn/5-reason-affected/index.html]
[www.tlcglobal.asia/cn/fluidity-volatility/index.html]
[www.tlcglobal.asia/cn/margin-leverage/index.html]
[www.tlcglobal.asia/cn/trade-currency/index.html]
[www.tlcglobal.asia/cn/trade-time/index.html]
[www.tlcglobal.asia/cn/index40e1.html]
[www.tlcglobal.asia/cn/2020/06/26/走出冠病阴霾-跳上经济重启的快车/index.html]
[www.tlcglobal.asia/cn/2020/06/26/index.html]
[www.tlcglobal.asia/cn/author/ericoye/index.html]
[www.tlcglobal.asia/cn/category/uncategorized/index.html]
[www.tlcglobal.asia/cn/2020/06/18/裁员和破产风暴下的金融独角兽，还有哪些？/index.html]
[www.tlcglobal.asia/cn/2020/06/18/index.html]
[www.tlcglobal.asia/cn/2020/06/13/ava与tlc线上完成并购签署-启动更多环球投资/index.html]
[www.tlcglobal.asia/cn/2020/06/13/index.html]
[www.tlcglobal.asia/cn/2020/06/03/tlc-与-limestone-fx-首度合作，勇创佳绩/index.html]
[www.tlcglobal.asia/cn/2020/06/03/index.html]
[www.tlcglobal.asia/cn/2020/05/15/gwf-gw-利润-2-基金在避险市场产生良好回报/index.html]
[www.tlcglobal.asia/cn/2020/05/15/index.html]
[www.tlcglobal.asia/cn/newsandfeeds/page/2/index.html]
[www.tlcglobal.asia/cn/newsandfeeds/page/3/index.html]
[www.tlcglobal.asia/cn/newsandfeeds/page/5/index.html]
[www.tlcglobal.asia/cn/index3661.html]
[www.tlcglobal.asia/cn/index1771.html]
[www.tlcglobal.asia/index5770.html]
[www.tlcglobal.asia/index5423.html]
[www.tlcglobal.asia/indexc71d.html]
[www.tlcglobal.asia/index15f3.html]
[www.tlcglobal.asia/index33c5.html]
[www.tlcglobal.asia/index40eb.html]
[www.tlcglobal.asia/index91e7.html]
[www.tlcglobal.asia/indexc387.html]
[www.tlcglobal.asia/indexbaf5.html]
[www.tlcglobal.asia/indexde11.html]
[www.tlcglobal.asia/indexcef9.html]
[www.tlcglobal.asia/index8c2c.html]
[www.tlcglobal.asia/index5eb9.html]
[www.tlcglobal.asia/2020/03/20/preparing-for-clearer-skies/index.html]
[www.tlcglobal.asia/2020/03/20/index.html]
[www.tlcglobal.asia/2020/03/13/market-rout-presents-opportunities-in-forex-investment/index.html]
[www.tlcglobal.asia/2020/03/13/index.html]
[www.tlcglobal.asia/2019/11/19/tlc-exclusive-sponsor-for-hsbc-business-sharing-session-in-hong-kong/index.html]
[www.tlcglobal.asia/2019/11/19/index.html]
[www.tlcglobal.asia/2019/11/19/tlc-landed-in-traders-fair-singapore/index.html]
[www.tlcglobal.asia/2019/11/01/liad-and-top-leader-meeting/index.html]
[www.tlcglobal.asia/2019/11/01/index.html]
[www.tlcglobal.asia/category/blog/index.html]
[www.tlcglobal.asia/author/ericoye/page/1/index.html]
[www.tlcglobal.asia/category/uncategorized/page/1/index.html]
[www.tlcglobal.asia/indexc36f.html]
[www.tlcglobal.asia/indexc321.html]
[www.tlcglobal.asia/indexceb0.html]
[www.tlcglobal.asia/index7cd9.html]
[www.tlcglobal.asia/index0d61.html]
[www.tlcglobal.asia/index5627.html]
[pinterest.com/pin/create/button/indexc5d4.html]
[www.tlcglobal.asia/indexff12.html]
[pinterest.com/pin/create/button/indexce87.html]
[www.tlcglobal.asia/index533f.html]
